Any summary you wanted to write you can write here.
There is no formatting here,
the way you write in here, will be shown
exactly in the help-doc

An empty line can be used to denote a paragraph

You can also write anything, like ordered list
    1. first
    2. second
    3. third

Some code blocks, but IDK whether it will be highlighted or not

>
    for i = 1, 10, 1 do
        print(("%s Lua is awesome"):format(i))
    end
<

NOTE: remember there is no formatting or text wrapping


