==============================================================================
Configuration                                                    *module.config*

Config:get()                                                        *Config:get*
    Get the config

    Returns: ~
        (number)



