lz.n.KeysBase : vim.keymap.set.Opts                              *lz.n.KeysBase*

    Fields: ~
        {desc?}     (string)
        {noremap?}  (boolean)
        {remap?}    (boolean)
        {expr?}     (boolean)
        {nowait?}   (boolean)
        {ft?}       (string|string[])


lz.n.KeysSpec : lz.n.KeysBase                                    *lz.n.KeysSpec*

    Fields: ~
        {1}      (string)              lhs
        {2?}     (string|fun()|false)  rhs
        {mode?}  (string|string[])



