U.ok()                                                                    *U.ok*
    Only this will be documented



